312.63673469387754 172.99572844881817                
283.9836734693878 -101.54097104604544               
269.9755102040816 -147.9238837460909                
257.2408163265306 -213.1106799731818                
243.86938775510205 -239.43611691104545               
232.40816326530611 -262.0007771435                   
220.31020408163266 -280.80466067054545               
206.9387755102041 -294.59417525704544               
194.20408163265307 -297.10135972731814               
182.1061224489796 -303.369320903                    
169.37142857142857 -295.8477674921818                
157.2734693877551 -308.3836898435454                
145.17551020408163 -283.31184514081815               
132.4408163265306 -272.0295150245909                
118.43265306122449 -256.9864082029545                
106.97142857142858 -233.16815573536363               
94.87346938775511 -209.3499032677727                
80.86530612244898 -137.895145865                    
67.4938775510204 -95.27300987036364                
55.39591836734694 21.31106799731818                 
