50.9582245400000    -84.3537415000000
65.0574412500000    -103.401360500000
74.4569190600000    -155.102040800000
85.4229765000000    -168.707483000000
94.8224543100000    -193.197278900000
116.754569200000    -217.687074800000
123.020887700000    -236.734693900000
132.420365500000    -242.176870700000
144.953002600000    -253.061224500000
154.352480400000    -253.061224500000
170.018276800000    -242.176870700000
177.851174900000    -242.176870700000
193.516971300000    -247.619047600000
206.049608400000    -258.503401400000
217.015665800000    -255.782312900000
221.715404700000    -247.619047600000
234.248041800000    -244.897959200000
249.913838100000    -236.734693900000
267.146214100000    -225.850340100000
281.245430800000    -212.244898000000
296.911227200000    -174.149659900000
307.877284600000    -163.265306100000
320.409921700000    -152.380952400000
332.942558700000    -111.564625900000
347.041775500000    -65.3061224500000
350.174934700000    -43.5374149700000
361.140992200000    0