38.0251634000000      138.129496400000
58.9401960800000      11.5107913700000
66.7833333300000      -23.0215827300000
69.3977124200000      -46.0431654700000
74.6264705900000      -92.0863309400000
85.0839869300000      -126.618705000000
103.384640500000      -155.395683500000
129.528431400000      -189.928057600000
163.515359500000      -218.705036000000
192.273529400000      -233.093525200000
207.959803900000      -244.604316500000
236.717973900000      -256.115107900000
260.247385600000      -256.115107900000
281.162418300000      -264.748201400000
294.234313700000      -264.748201400000
320.378104600000      -264.748201400000
346.521895400000      -253.237410100000
377.894444400000      -264.748201400000
404.038235300000      -270.503597100000
438.025163400000      -276.258992800000
456.325817000000      -276.258992800000
469.397712400000      -267.625899300000
485.083986900000      -253.237410100000
513.842156900000      -235.971223000000
542.600326800000      -224.460431700000
563.515359500000      -204.316546800000
573.972875800000      -181.294964000000
587.044771200000      -152.517985600000
602.731045800000      -117.985611500000
615.802941200000      -86.3309352500000
621.031699300000      -46.0431654700000