7                     -11.6129032300000
15.7671232900000      55.4838709700000
29.4657534200000      76.1290322600000
47                    110.967741900000
57.4109589000000      145.806451600000
71.6575342500000      163.870967700000
82.0684931500000      188.387096800000
96.8630137000000      187.096774200000
110.561643800000      185.806451600000
122.068493200000      190.967741900000
135.219178100000      196.129032300000
150.561643800000      194.838709700000
160.424657500000      190.967741900000
173.575342500000      188.387096800000
188.369863000000      185.806451600000
198.232876700000      153.548387100000
210.835616400000      91.6129032300000
223.986301400000      67.0967741900000
236.589041100000      14.1935483900000
248.095890400000      -32.2580645200000