0                    -50.09860919167715
8.78755364806867                    -45.13835085586753
34.17381974248927                    -50.09860919167715
65.41845493562232                    -31.249627515600594
92.75751072961373                    -12.400645839524053
117.16738197424893                    25.297317512629064
141.57725321888412                    54.06681586032485
164.0343347639485                    87.79657254383024
190.39699570815452                    94.74093421396374
216.75965665236052                    100.69324421693527
225.54721030042919                    98.70914088261144
238.24034334763948                    98.70914088261144
262.65021459227466                    112.59786422287836
289.0128755364807                    115.57401922436414
317.32832618025753                    60.019125863296395
338.8090128755365                    14.384749173847894
370.05364806866953                    -11.408594172362129
391.5343347639485                    11.408594172362115
417.8969957081545                    22.321162511143285
443.2832618025751                    4.464232502228654
453.0472103004292                    -22.321162511143285
