18.099378881987576                    -60.80123
59.30434782608695                    9.80665
66.62111801242236                    20.103632499999996
83.18012422360249                    64.23355749999999
94.73291925465838                    87.76951749999999
102.81987577639751                    96.10517
118.6086956521739                    97.5761675
136.70807453416148                    90.7115125
149.80124223602485                    71.0982125
160.9689440993789                    60.310897499999996
172.13664596273293                    55.897904999999994
183.30434782608697                    57.859235
197.5527950310559                    68.1562175
206.40993788819875                    75.0208725
214.49689440993788                    75.0208725
220.27329192546583                    68.64654999999999
228.36024844720498                    45.110589999999995
243.7639751552795                    10.787315
253.0062111801242                    -2.941995
273.80124223602485                    -33.34260999999999
292.2857142857143                    -59.3302325
