7.5650118203309695                    -13.342380952380951
17.494089834515368                    -20.013571428571428
26.004728132387708                    -25.083676190476186
32.6241134751773                    -25.350523809523807
41.607565011820334                    -21.080961904761903
58.628841607565015                    -0.8005428571428571
71.39479905437352                    17.878790476190474
84.16075650118204                    42.42877142857142
88.88888888888889                    44.56355238095238
93.14420803782505                    41.628228571428565
94.56264775413712                    37.358666666666664
99.29078014184397                    9.606514285714285
103.54609929078015                    -8.005428571428572
107.80141843971631                    -14.409771428571426
113.00236406619385                    -18.41248571428571
118.67612293144208                    -19.47987619047619
125.29550827423168                    -17.611942857142857
131.44208037825058                    -12.541838095238093
149.88179669030734                    15.210314285714283
156.02836879432624                    22.948895238095236
161.70212765957447                    26.951609523809523
171.15839243498817                    30.15378095238095
177.77777777777777                    31.22117142857143
185.81560283687944                    31.22117142857143
190.5437352245863                    28.819542857142853
193.8534278959811                    26.684761904761903
