9.737248840803709                    -33.39561891891892
30.139103554868626                    -30.745172972972973
50.54095826893354                    -31.80535135135135
71.4064914992272                    -39.2266
91.34466769706337                    -9.011516216216215
111.74652241112828                    5.830981081081081
127.97527047913447                    2.6504459459459455
135.85780525502318                    9.541605405405406
142.8129829984544                    24.91419189189189
151.15919629057186                    33.925708108108104
165.9969088098918                    -6.36107027027027
189.1808346213292                    -19.08321081081081
206.80061823802163                    -28.094727027027023
221.17465224111282                    -47.17793783783784
229.5208655332303                    -49.29829459459459
235.54868624420402                    -49.29829459459459
241.112828438949                    -45.587670270270266
249.45904173106646                    -33.925708108108104
257.8052550231839                    -21.733656756756755
262.4420401854714                    -11.131872972972973
264.76043276661517                    -3.180535135135135
267.54250386398763                    3.180535135135135
272.64296754250387                    5.300891891891891
281.91653786707883                    -12.72214054054054
293.5085007727975                    -21.203567567567564
297.21792890262753                    -21.733656756756755
