71.35135135135135 -88.15875051546391                    
83.78378378378379 -33.969426804123714                   
91.35135135135135 -12.940734020618557                   
96.75675675675676 -10.109948453608247                   
109.1891891891892 -6.470367010309278                    
112.97297297297297 -0.4043979381443299                   
120.0 19.815498969072166                  
124.86486486486487 28.307855670103088                  
130.27027027027026 33.56502886597938                   
136.75675675675674 31.1386412371134                    
143.24324324324326 17.793509278350516                  
148.1081081081081 6.470367010309278                   
162.7027027027027 -29.521049484536082                   
169.72972972972974 -40.03539587628866                    
175.13513513513513 -40.844191752577316                   
179.45945945945945 -35.99141649484536                    
183.24324324324326 -29.116651546391754                   
192.97297297297297 -6.874764948453607                    
200.54054054054055 1.6175917525773196                  
210.27027027027026 1.6175917525773196                  
215.13513513513513 -2.830785567010309                    
220.54054054054055 -23.859478350515463                   
224.86486486486487 -61.46848659793814                    
229.1891891891892 -116.06220824742267                   
232.97297297297297 -160.54598144329896                   
235.13513513513513 -179.9570824742268                    
