6.25                    -56.24402205882353
17.578125                    -36.53457843137255
26.5625                    -24.035906862745097
38.28125                    -12.498671568627453
47.265625                    -4.80718137254902
57.421875                    2.8843088235294116
65.234375                    8.172208333333334
69.140625                    10.095080882352942
73.046875                    9.133644607843138
78.515625                    1.922872549019608
87.5                    -8.172208333333334
94.140625                    -14.421544117647061
101.5625                    -16.82513480392157
107.8125                    -17.786571078431372
117.96875                    -18.267289215686276
183.59375                    -0.961436274509804
194.140625                    -14.421544117647061
199.609375                    -19.70944362745098
205.078125                    -22.593752450980393
210.9375                    -22.593752450980393
216.40625                    -19.22872549019608
223.046875                    -12.017953431372549
231.640625                    0.0
238.28125                    15.382980392156863
242.1875                    29.323806372549022
246.484375                    35.09242401960785
250.390625                    36.53457843137255
253.515625                    32.20811519607843
257.421875                    8.172208333333334
261.71875                    -3.3650269607843137
265.234375                    -8.172208333333334
269.53125                    -10.575799019607844
275.0                    -9.133644607843138
278.90625                    -1.922872549019608
284.765625                    6.7300539215686275
297.265625                    16.344416666666667
