5.972434915773354                    13.324252717391303
17.457886676875958                    24.516625
26.186830015313937                    27.181475543478264
36.29402756508423                    27.181475543478264
44.5635528330781                    23.98365489130435
54.21133231240429                    15.989103260869568
65.69678407350689                    7.994551630434784
73.50689127105666                    0.5329701086956522
79.47932618683002                    1.5989103260869566
82.69525267993875                    6.395641304347826
86.83001531393568                    8.527521739130435
91.88361408882082                    9.060491847826087
100.6125574272588                    1.0659402173913044
114.39509954058192                    -15.989103260869568
186.52373660030628                    -79.41254619565218
198.46860643185298                    -11.725342391304348
202.60336906584993                    14.923163043478262
205.81929555895866                    34.64305706521739
209.03522205206738                    41.571668478260875
215.46707503828483                    35.17602717391304
220.98009188361408                    25.04959510869565
225.57427258805512                    18.65395380434783
230.62787136294028                    17.58801358695652
235.22205206738133                    20.785834239130438
237.97856049004594                    28.78038586956522
247.16692189892802                    35.7089972826087
255.895865237366                    37.84087771739131
265.0842266462481                    42.104638586956526
269.6784073506891                    47.434339673913044
275.1914241960184                    48.500279891304345
286.67687595712096                    47.434339673913044
294.02756508422664                    43.703548913043484
298.1623277182236                    40.50572826086957
