9.566326530612244                    -19.6133
23.724489795918366                    -7.040671794871794
31.377551020408163                    -5.53195641025641
42.474489795918366                    -14.584248717948718
55.484693877551024                    -32.18592820512821
66.19897959183673                    -46.26727179487179
72.32142857142857                    -50.29051282051282
79.20918367346938                    -50.29051282051282
85.33163265306122                    -37.214979487179484
88.77551020408163                    -15.087153846153846
91.07142857142857                    -0.5029051282051282
95.66326530612245                    11.06391282051282
103.31632653061224                    19.6133
117.47448979591837                    30.174307692307693
133.16326530612244                    41.74112564102563
150.76530612244898                    54.816658974358965
164.5408163265306                    46.26727179487179
179.46428571428572                    31.180117948717946
194.00510204081633                    8.549387179487178
205.48469387755102                    -12.069723076923077
208.54591836734693                    -18.607489743589742
216.96428571428572                    -39.729505128205126
224.23469387755102                    -51.29632307692307
232.2704081632653                    -54.31375384615384
237.62755102040816                    -53.810848717948716
244.1326530612245                    -49.78760769230769
251.78571428571428                    -45.26146153846154
262.8826530612245                    -47.273082051282046
269.0051020408163                    -49.78760769230769
274.7448979591837                    -48.78179743589744
287.3724489795918                    -45.76436666666666
296.9387755102041                    -44.25565128205128
