4.205607476635514                    12.541838095238093
14.953271028037383                    20.280419047619045
23.83177570093458                    24.283133333333332
29.906542056074766                    24.81682857142857
39.7196261682243                    23.215742857142857
58.87850467289719                    16.27770476190476
66.35514018691589                    13.60922857142857
73.3644859813084                    14.142923809523808
76.6355140186916                    17.611942857142857
87.85046728971963                    33.35595238095238
94.39252336448598                    38.15920952380952
100.46728971962617                    38.95975238095238
107.94392523364486                    32.82225714285714
112.61682242990655                    21.61465714285714
116.82242990654206                    4.002714285714286
121.02803738317758                    -8.005428571428572
127.57009345794393                    -16.010857142857144
135.0467289719626                    -24.54998095238095
140.65420560747663                    -29.086390476190473
146.26168224299064                    -31.22117142857143
153.2710280373832                    -30.687476190476186
161.21495327102804                    -27.21845714285714
171.02803738317758                    -20.013571428571428
185.0467289719626                    -13.075533333333333
196.7289719626168                    -10.94075238095238
