7.441860465116279                    -6.900975925925926
11.162790697674419                    -10.533068518518519
31.162790697674417                    -27.96711296296296
40.0                    -31.962414814814814
51.627906976744185                    -31.599205555555553
60.46511627906977                    -28.69353148148148
66.51162790697674                    -23.24539259259259
71.16279069767442                    -14.16516111111111
77.67441860465117                    11.622696296296295
80.93023255813954                    29.05674074074074
83.25581395348837                    43.94832037037037
86.97674418604652                    60.6559462962963
89.30232558139535                    67.19371296296296
93.48837209302326                    72.27864259259259
97.20930232558139                    71.55222407407408
100.0                    65.74087592592592
106.97674418604652                    21.792555555555555
112.09302325581395                    -6.1745574074074066
115.34883720930233                    -19.25009074074074
121.3953488372093                    -21.792555555555555
126.97674418604652                    -20.339718518518517
130.69767441860466                    -16.344416666666664
139.06976744186048                    -7.627394444444445
150.2325581395349                    -2.5424648148148146
160.0                    -4.72172037037037
191.62790697674419                    -22.882183333333334
