5.179856115107913                    -25.60625277777778
16.834532374100718                    -47.943622222222224
25.899280575539567                    -55.57101666666667
32.37410071942446                    -56.115830555555554
34.96402877697842                    -49.578063888888884
41.43884892086331                    -29.419950000000004
49.20863309352518                    -21.79255555555556
54.388489208633096                    -22.337369444444445
63.45323741007194                    -27.240694444444443
78.56115107913669                    -33.77846111111111
87.62589928057554                    -34.323275
93.23741007194245                    -31.599205555555557
95.8273381294964                    -22.337369444444445
101.43884892086331                    3.268883333333333
104.46043165467626                    26.151066666666665
106.61870503597122                    40.316227777777776
109.64028776978417                    48.48843611111111
113.9568345323741                    54.48138888888889
183.45323741007195                    31.054391666666668
190.79136690647482                    19.613300000000002
208.05755395683454                    -6.537766666666666
225.75539568345323                    -34.86808888888889
235.68345323741008                    -50.12287777777778
243.45323741007195                    -61.56396944444445
248.63309352517985                    -64.83285277777779
253.38129496402877                    -65.92248055555555
258.9928057553957                    -62.653597222222224
262.8776978417266                    -58.29508611111111
275.8273381294964                    -41.95066944444444
285.32374100719426                    -33.77846111111111
297.841726618705                    -22.882183333333337
