2.8846153846153846                    -6.3347304347826086
11.538461538461538                    -13.644034782608694
19.23076923076923                    -20.95333913043478
24.03846153846154                    -27.775356521739127
33.17307692307692                    -32.16093913043478
41.34615384615385                    -31.67365217391304
51.92307692307692                    -29.724504347826088
59.13461538461539                    -29.23721739130435
64.42307692307692                    -31.1863652173913
71.15384615384616                    -30.699078260869562
75.96153846153847                    -23.389773913043477
84.61538461538461                    -8.771165217391305
88.9423076923077                    -0.9745739130434782
97.11538461538461                    6.3347304347826086
106.25                    11.694886956521739
115.86538461538461                    15.105895652173913
184.6153846153846                    20.95333913043478
189.42307692307693                    12.182173913043478
195.67307692307693                    -1.4618608695652173
202.8846153846154                    -12.669460869565217
212.01923076923077                    -24.364347826086956
219.71153846153845                    -34.59737391304348
226.92307692307693                    -38.49566956521739
235.57692307692307                    -40.93210434782609
243.75                    -38.49566956521739
250.48076923076923                    -30.211791304347827
256.7307692307692                    -16.08046956521739
261.53846153846155                    -5.36015652173913
265.86538461538464                    3.8982956521739127
272.11538461538464                    6.3347304347826086
275.4807692307692                    0.4872869565217391
278.36538461538464                    -7.309304347826087
285.09615384615387                    -23.877060869565216
291.8269230769231                    -41.90667826086956
