9.595959595959595                    -26.477954999999998
28.78787878787879                    -30.400615
52.525252525252526                    -29.9102825
69.1919191919192                    -29.41995
84.34343434343434                    -39.7169325
93.43434343434343                    -47.5622525
101.51515151515152                    -59.3302325
108.08080808080808                    -68.64654999999999
110.60606060606061                    -71.0982125
116.16161616161617                    -67.66588499999999
122.72727272727273                    -47.07192
127.77777777777777                    -29.9102825
131.8181818181818                    -26.477954999999998
141.91919191919192                    -30.400615
147.97979797979798                    -35.7942725
154.54545454545453                    -37.755602499999995
164.64646464646464                    -38.7362675
176.76767676767676                    -39.2266
183.33333333333334                    -50.013915
206.06060606060606                    -17.65197
218.68686868686868                    -17.161637499999998
230.8080808080808                    -22.555294999999997
241.91919191919192                    -40.69759749999999
248.989898989899                    -51.48491249999999
254.04040404040404                    -53.93657499999999
270.2020202020202                    -50.99458
282.32323232323233                    -48.052585
292.92929292929296                    -47.5622525
