61.423611111111114 176.8479560669456                   
66.96180555555556 124.73730543933054                  
69.47916666666667 96.01489958158996                   
73.00347222222223 63.5996129707113                    
76.02430555555556 38.570087866108786                  
79.04513888888889 15.592163179916318                  
81.5625 -2.051600418410042                  
84.07986111111111 -16.00248326359833                  
91.63194444444444 -32.41528661087867                  
100.69444444444444 -52.110650627615065                 
105.22569444444444 -59.90673221757322                  
125.86805555555556 -73.03697489539749                  
132.41319444444446 -80.42273640167363                  
136.44097222222223 -88.2188179916318                   
140.46875 -96.42521966527198                  
151.04166666666666 -96.42521966527198                  
157.58680555555554 -91.91169874476988                  
165.64236111111111 -80.83305648535566                  
171.68402777777777 -65.65121338912134                  
174.20138888888889 -49.23841004184101                  
176.21527777777777 -39.390728033472804                 
179.23611111111111 -27.901765690376568                 
181.75347222222223 -22.56760460251046                  
184.27083333333334 -19.285043933054393                 
188.80208333333334 -20.105684100418408                 
191.82291666666666 -22.97792468619247                  
198.36805555555554 -39.390728033472804                 
203.90625 -48.00744979079498                  
215.98958333333334 -53.7519309623431                   
230.59027777777777 -55.39321129707113                  
