62.730496453900706 175.15133023255814                  
80.72695035460993 28.27964186046512                   
84.84042553191489 -5.929602325581396                  
88.43971631205673 -25.542902325581395                 
92.03900709219859 -36.945983720930236                 
97.18085106382979 -45.612325581395346                 
102.322695035461 -54.73479069767443                  
108.49290780141844 -60.20826976744186                  
116.71985815602837 -65.22562558139535                  
122.37588652482269 -68.87461162790699                  
127.51773049645391 -73.89196744186047                  
132.6595744680851 -81.18993953488372                  
137.2872340425532 -89.85628139534884                  
143.45744680851064 -95.78588372093023                  
152.19858156028369 -98.52262325581395                  
158.88297872340425 -93.50526744186047                  
168.13829787234042 -81.18993953488372                  
169.68085106382978 -72.97972093023256                  
171.73758865248226 -60.20826976744186                  
173.79432624113474 -45.612325581395346                 
177.9078014184397 -29.64801162790698                  
178.93617021276594 -21.437793023255814                 
181.50709219858157 -18.701053488372093                 
185.10638297872342 -18.701053488372093                 
188.19148936170214 -22.35003953488372                  
197.4468085106383 -36.48986046511628                  
206.18794326241135 -45.612325581395346                 
214.9290780141844 -51.08580465116279                  
227.2695035460993 -54.27866744186047                  
232.9255319148936 -54.27866744186047                  
