2.830188679245283                    11.362187586206897
8.49056603773585                    14.337998620689653
19.81132075471698                    16.231696551724138
29.245283018867923                    16.772753103448274
40.094339622641506                    14.067470344827585
48.113207547169814                    9.739017931034482
56.132075471698116                    3.2463393103448275
66.0377358490566                    -2.7052827586206893
72.64150943396227                    -8.656904827586207
76.88679245283019                    -8.115848275862069
79.24528301886792                    7.033735172413793
83.49056603773585                    31.92233655172414
86.79245283018868                    37.87395862068965
97.64150943396227                    40.84976965517241
106.13207547169812                    35.168675862068966
109.90566037735849                    22.45384689655172
124.52830188679245                    -15.96116827586207
134.9056603773585                    -20.83067724137931
147.64150943396226                    -23.26543172413793
164.1509433962264                    -22.724375172413794
176.88679245283018                    -16.502224827586208
194.33962264150944                    0.27052827586206896
