9.9644128113879                    -24.21395061728395
30.249110320284696                    -38.74232098765432
43.41637010676157                    -17.434044444444446
46.263345195729535                    7.748464197530864
50.88967971530249                    11.138417283950616
58.362989323843415                    0.968558024691358
70.1067615658363                    -11.622696296296297
81.49466192170819                    2.421395061728395
91.81494661921708                    20.823997530864197
96.08540925266904                    21.308276543209875
111.03202846975088                    27.6039037037037
122.41992882562278                    29.54101975308642
133.80782918149467                    35.352367901234565
140.5693950177936                    55.692086419753075
144.48398576512454                    77.48464197530863
145.55160142348754                    86.68594320987654
149.1103202846975                    92.98157037037038
169.39501779359432                    90.07589629629629
189.6797153024911                    71.67329382716049
209.9644128113879                    -28.572461728395062
219.21708185053382                    -11.138417283950616
224.55516014234877                    0.968558024691358
229.1814946619217                    6.295627160493827
233.45195729537366                    4.84279012345679
236.65480427046262                    -0.968558024691358
240.5693950177936                    -10.654138271604937
247.33096085409252                    -23.245392592592594
253.02491103202846                    -27.11962469135802
268.3274021352313                    -26.635345679012342
280.0711743772242                    -18.88688148148148
286.83274021352315                    -9.2013012345679
293.2384341637011                    1.4528370370370371
