254.17322834645668 114.6231818181818         
242.36220472440945 121.24585454545455        
235.2755905511811 123.28359999999999        
229.13385826771653 120.73641818181818        
223.46456692913387 109.01938181818181        
216.3779527559055 48.90589090909091         
213.0708661417323 20.377454545454544        
210.23622047244095 -0.5094363636363636       
205.51181102362204 -21.396327272727273       
201.73228346456693 -34.64167272727272        
198.4251968503937 -45.33983636363636        
192.75590551181102 -50.943636363636365       
187.55905511811022 -48.39645454545454        
181.41732283464566 -42.792654545454546       
172.44094488188978 -40.24547272727273        
162.99212598425197 -43.30209090909091        
151.1811023622047 -50.4342                  
141.25984251968504 -58.58518181818181        
133.70078740157481 -63.679545454545455       
128.50393700787401 -65.7172909090909         
123.30708661417323 -61.641799999999996       
119.05511811023622 -55.01912727272727        
114.33070866141732 -52.47194545454545        
107.71653543307086 -52.981381818181816       
104.88188976377953 -61.132363636363635       
99.21259842519684 -76.9248909090909         
94.01574803149606 -89.15136363636363        
90.23622047244095 -92.71741818181818        
85.03937007874016 -92.71741818181818        
74.1732283464567 -86.60418181818181        
64.7244094488189 -79.47207272727272        
51.968503937007874 -65.20785454545454        
45.354330708661415 -60.11349090909091        
