8.92018779342723                    -30.858258666666668
29.577464788732396                    -34.25789733333333
43.66197183098591                    -33.996386666666666
53.990610328638496                    -28.76617333333333
64.78873239436619                    -12.814022666666666
70.89201877934272                    1.3075533333333331
75.5868544600939                    15.167618666666668
81.22065727699531                    32.42732266666667
89.67136150234742                    44.456813333333336
92.95774647887323                    45.76436666666667
98.59154929577464                    43.67228133333333
109.85915492957747                    13.337043999999999
120.18779342723005                    -13.860065333333331
125.35211267605634                    -23.274449333333333
130.04694835680752                    -27.458619999999996
135.68075117370893                    -25.366534666666666
139.906103286385                    -19.6133
148.8262910798122                    0.0
153.9906103286385                    7.583809333333334
161.50234741784038                    12.029490666666666
169.95305164319248                    14.383086666666665
181.69014084507043                    14.906107999999998
190.14084507042253                    14.383086666666665
195.77464788732394                    13.337043999999999
