18.8246913600000     -48.0187500000000
21.3592592600000     -30.7812500000000
22.6265432100000     -19.7000000000000
25.1611111100000     -9.85000000000000
30.2302469100000     0
34.0320987700000     13.5437500000000
39.1012345700000     25.8562500000000
44.1703703700000     36.9375000000000
53.0413580200000     51.7125000000000
59.3777777800000     61.5625000000000
69.5160493800000     72.6437500000000
77.1197530900000     80.0312500000000
89.7925925900000     87.4187500000000
99.9308642000000     89.8812500000000
106.267284000000     89.8812500000000
115.138271600000     87.4187500000000
127.811111100000     80.0312500000000
145.553086400000     65.2562500000000
154.424074100000     46.7875000000000
163.295061700000     22.1625000000000
169.631481500000     2.46250000000000
174.700617300000     -14.7750000000000
177.235185200000     -33.2437500000000
182.304321000000     -49.2500000000000
























