0                      31.9433426600000
3.71612903200000       16.7423754300000
8.67096774200000       4.07490274400000
14.8645161300000       -7.32582267500000
18.5806451600000       -14.9263062900000
24.7741935500000       -22.5267899000000
30.9677419400000       -27.5937789800000
39.6387096800000       -32.6607680500000
47.0709677400000       -33.9275153200000
59.4580645200000       -31.3940207800000
70.6064516100000       -27.5937789800000
82.9935483900000       -23.7935371700000
92.9032258100000       -21.2600426300000
102.812903200000       -21.2600426300000
113.961290300000       -23.7935371700000
126.348387100000       -28.8605262500000
133.780645200000       -32.6607680500000
144.929032300000       -35.1942625900000
154.838709700000       -35.1942625900000
163.509677400000       -27.5937789800000
173.419354800000       -16.1930535600000
177.135483900000       -8.59256994400000
180.851612900000       0.274660938000000
185.806451600000       10.4086390900000
188.283871000000       23.0761117800000
190.761290300000       30.6765953900000


























