20.6000000000000 -80.4416666700000
18.0250000000000 -61.2888888900000
23.1750000000000 -42.1361111100000
23.1750000000000 -26.8138888900000
28.3250000000000 -14.0453703700000
28.3250000000000 -6.38425925900000
30.9000000000000 0
36.0500000000000 7.66111111100000
38.6250000000000 14.0453703700000
48.9250000000000 21.7064814800000
61.8000000000000 21.7064814800000
66.9500000000000 14.0453703700000
69.5250000000000 5.10740740700000
72.1000000000000 -3.83055555600000
74.6750000000000 -14.0453703700000
77.2500000000000 -25.5370370400000
79.8250000000000 -38.3055555600000
82.4000000000000 -51.0740740700000
82.4000000000000 -61.2888888900000
90.1250000000000 -70.2268518500000
87.5500000000000 -77.8879629600000





















