0                   -94.0227272700000
9.94565217400000    -57.6672727300000
16.5760869600000    -32.5945454500000
29.8369565200000    1.25363636400000
36.4673913000000    18.8045454500000
56.3586956500000    42.6236363600000
76.2500000000000    63.9354545500000
92.8260869600000    73.9645454500000
106.086956500000    81.4863636400000
125.978260900000    86.5009090900000
145.869565200000    87.7545454500000
162.445652200000    85.2472727300000
185.652173900000    75.2181818200000
205.543478300000    60.1745454500000
225.434782600000    38.8627272700000
235.380434800000    25.0727272700000
255.271739100000    2.50727272700000
268.532608700000    -26.3263636400000
278.478260900000    -57.6672727300000
288.423913000000    -92.7690909100000





















