5.71153846200000   147.985348000000
18.0192307700000   133.333333300000
19.5576923100000   98.1684981700000
19.5576923100000   60.0732600700000
21.0961538500000   30.7692307700000
19.5576923100000   -19.0476190500000
24.1730769200000   -57.1428571400000
41.0961538500000   -98.1684981700000
54.9423076900000   -127.472527500000
74.9423076900000   -147.985348000000
90.3269230800000   -168.498168500000
113.403846200000   -186.080586100000
147.250000000000   -194.871794900000
178.019230800000   -200.732600700000
201.096153800000   -200.732600700000
224.173076900000   -194.871794900000
244.173076900000   -183.150183200000
268.788461500000   -159.706959700000
284.173076900000   -139.194139200000
298.019230800000   -121.611721600000
305.711538500000   -92.3076923100000
314.942307700000   -51.2820512800000
319.557692300000   -24.9084249100000
325.711538500000   7.32600732600000
328.788461500000   39.5604395600000
328.788461500000   60.0732600700000
328.788461500000   83.5164835200000
330.326923100000   98.1684981700000
331.865384600000   121.611721600000
338.019230800000   136.263736300000