29.2090909100000   -31.2500000000000
46.5545454500000   -33.0357142900000
61.0090909100000   -38.3928571400000
73.5363636400000   -53.5714285700000
84.1363636400000   -67.8571428600000
90.8818181800000   -77.6785714300000
101.481818200000   -97.3214285700000
111.118181800000   -110.714285700000
117.863636400000   -124.107142900000
125.572727300000   -129.464285700000
137.136363600000   -135.714285700000
145.809090900000   -139.285714300000
154.481818200000   -134.821428600000
163.154545500000   -123.214285700000
169.900000000000   -116.071428600000
179.536363600000   -103.571428600000
187.245454500000   -88.3928571400000
196.881818200000   -76.7857142900000
203.627272700000   -64.2857142900000
211.336363600000   -53.5714285700000
221.936363600000   -42.8571428600000
230.609090900000   -33.9285714300000
238.318181800000   -26.7857142900000
250.845454500000   -20.5357142900000
261.445454500000   -14.2857142900000