21.1238532100000  -76.2500000000000
32.3899082600000  -55
45.0642201800000  -36.2500000000000
57.7385321100000  -11.2500000000000
70.4128440400000  17.5000000000000
85.9036697200000  36.2500000000000
101.394495400000  58.7500000000000
115.477062000000  76.2500000000000
130.967889900000  92.5000000000000
147.866972500000  102.500000000000
153.500000000000  102.500000000000
166.174311900000  90
178.848623900000  76.2500000000000
192.931192700000  63.7500000000000
208.422018300000  46.2500000000000
222.504587200000  26.2500000000000
233.770642200000  15
246.444954100000  -5
256.302752300000  -21.2500000000000
263.344036700000  -36.2500000000000
270.385321100000  -46.2500000000000
280.243119300000  -57.5000000000000
287.284403700000  -70