30.7500000000000    52.1739130400000
47.5500000000000    -21.7391304300000
66.7500000000000    -17.3913043500000
81.1500000000000    -47.8260869600000
93.1500000000000    -73.9130434800000
112.350000000000    -130.434782600000
124.350000000000    -156.521739100000
142.350000000000    -182.608695700000
156.750000000000    -186.956521700000
172.350000000000    -186.956521700000
186.750000000000    -182.608695700000
208.350000000000    -173.913043500000
223.950000000000    -152.173913000000
237.150000000000    -121.739130400000
247.950000000000    -95.6521739100000
261.150000000000    -60.8695652200000
273.150000000000    -34.7826087000000
279.150000000000    -30.4347826100000
289.950000000000    -34.7826087000000
305.550000000000    30.4347826100000