14.8148148100000   -23.3300000000000
30.5555555600000   -23.3300000000000
45.3703703700000   -23.3300000000000
61.1111111100000   -6.67000000000000
75                 10
90.7407407400000   26.6700000000000
106.481481500000   53.3300000000000
118.518518500000   66.6700000000000
132.407407400000   93.3300000000000
145.370370400000   100
157.407407400000   93.3300000000000
170.370370400000   80
179.629629600000   63.3300000000000
190.740740700000   43.3300000000000
200                30
210.185185200000   20
225                0
236.111111100000   -20
246.296296300000   -26.6700000000000
257.407407400000   -26.6700000000000
269.444444400000   -26.6700000000000
276.851851900000   -20
284.259259300000   -6.67000000000000
288.888888900000   0