933.1184407796102 31.380753138075313               
929.8500749625188 18.828451882845187               
921.6791604197902 5.02092050209205                 
913.5082458770614 -11.297071129707113              
906.9715142428786 -20.0836820083682                
888.9955022488756 -42.67782426778243               
872.6536731634183 -58.99581589958159               
866.1169415292354 -65.27196652719665               
853.0434782608696 -72.80334728033473               
848.1409295352324 -76.56903765690376               
836.7016491754123 -77.82426778242677               
820.3598200899551 -77.82426778242677               
808.9205397301349 -76.56903765690376               
789.3103448275862 -76.56903765690376               
769.7001499250375 -77.82426778242677               
741.9190404797602 -77.82426778242677               
725.5772113943028 -77.82426778242677               
714.1379310344828 -81.58995815899581               
701.064467766117 -90.3765690376569                
679.8200899550225 -99.16317991631799               
663.4782608695652 -109.2050209205021               
638.9655172413793 -120.5020920502092               
612.8185907046477 -129.2887029288703               
596.4767616191904 -130.5439330543933               
580.1349325337331 -136.82008368200837              
565.4272863568216 -140.5857740585774               
552.3538230884558 -144.35146443514645              
539.28035982009 -145.60669456066947              
516.4017991004498 -145.60669456066947              
504.96251874062966 -145.60669456066947              
493.5232383808096 -145.60669456066947              
469.0104947526237 -140.5857740585774               
455.9370314842579 -134.30962343096235              
428.1559220389805 -126.77824267782427              
413.44827586206895 -123.01255230125523              
390.5697151424288 -117.99163179916317              
369.3253373313343 -111.71548117154812              
341.54422788605694 -107.94979079497908              
320.29985007496254 -106.69456066945607              
287.616191904048 -106.69456066945607              
272.9085457271364 -106.69456066945607              
261.4692653673163 -102.92887029288703              
245.12743628185908 -95.39748953974896               
232.05397301349325 -86.61087866108787               
217.3463268365817 -72.80334728033473               
201.00449775112443 -52.71966527196653               
189.56521739130434 -36.40167364016737               
174.8575712143928 -12.552301255230125              
169.95502248875562 5.02092050209205                 
160.14992503748127 33.89121338912134                
156.88155922038982 48.95397489539749                