402.984 2.3166023166023164                   
393.72 -10.038610038610038                  
387.544 -20.84942084942085                   
379.824 -30.888030888030887                  
373.648 -36.293436293436294                  
367.472 -42.47104247104247                   
358.208 -50.965250965250966                  
345.856 -57.915057915057915                  
333.504 -63.32046332046332                   
319.608 -67.95366795366796                   
311.888 -67.95366795366796                   
301.08 -67.95366795366796                   
293.36 -68.72586872586872                   
284.096 -71.81467181467181                   
274.832 -68.72586872586872                   
259.392 -64.86486486486487                   
250.128 -58.68725868725869                   
239.32 -53.28185328185328                   
228.512 -47.1042471042471                    
219.248 -34.74903474903475                   
209.984 -26.254826254826256                  
197.632 -12.355212355212355                  
193.0 -6.177606177606178                   
191.456 3.088803088803089                    