30.71428571 -17.05426356589146                  
45 -48.062015503875955                 
60.71428571 6.20155038759691                    
75.71428571 41.86046511627907                   
91.42857143 36.43410852713177                   
106.4285714 8.52713178294573                    
121.4285714 -7.751937984496124                  
136.4285714 -22.480620155038764                 
150.7142857 -37.209302325581405                 
166.4285714 -48.83720930232559                  
181.4285714 -58.13953488372093                  
195 -58.13953488372093                  
210.7142857 -62.790697674418595                 
227.1428571 -63.56589147286823                  
241.4285714 -56.589147286821714                 
255.7142857 -51.16279069767441                  
270.7142857 -35.65891472868216                  
284.2857143 -17.829457364341096                 
301.4285714 -3.100775193798455                  
317.8571429 -120.93023255813954                 
330.7142857 24.806201550387584                  