921.6791604197902 87.86610878661088      
913.5082458770614 57.74058577405858      
908.6056971514242 38.91213389121339      
903.7031484257872 25.10460251046025      
893.8980509745128 5.02092050209205       
887.3613193403298 -11.297071129707113    
869.3853073463268 -28.87029288702929     
856.311844077961 -50.2092050209205      
848.1409295352324 -60.2510460251046      
836.7016491754123 -76.56903765690376     
828.5307346326837 -86.61087866108787     
823.6281859070465 -95.39748953974896     
817.0914542728635 -102.92887029288703    
804.0179910044977 -121.75732217573221    
792.5787106446777 -121.75732217573221    
764.7976011994003 -125.52301255230125    
750.0899550224888 -128.03347280334728    
735.3823088455772 -134.30962343096235    
723.9430284857572 -143.09623430962344    
715.7721139430284 -149.3723849372385     
692.8935532233883 -156.90376569037656    
683.0884557721139 -159.4142259414226     
648.7706146926537 -171.96652719665272    
634.0629685157421 -180.7531380753138     
607.9160419790105 -193.30543933054392    
594.8425787106447 -194.56066945606693    
568.695652173913 -195.81589958158995    
550.71964017991 -198.32635983263597    
534.3778110944528 -198.32635983263597    
514.767616191904 -207.11297071129707    
495.15742128935534 -209.6234309623431     
464.1079460269865 -208.36820083682008    
447.7661169415292 -202.092050209205      
433.0584707646177 -192.05020920502093    
418.35082458770614 -178.2426778242678     
400.37481259370315 -165.69037656903765    
369.3253373313343 -150.6276150627615     
343.1784107946027 -144.35146443514645    
315.39730134932535 -135.56485355648536    
297.42128935532236 -131.79916317991632    
269.640179910045 -116.73640167364017    
253.29835082458771 -101.67364016736401    
220.61469265367316 -71.54811715481172     
201.00449775112443 -55.23012552301255     
189.56521739130434 -38.91213389121339     
183.02848575712144 -30.1255230125523      
166.68665667166417 0.0                    
166.68665667166417 21.338912133891213     
158.51574212893553 43.93305439330544      