401.44 -16.216216216216218                  
393.72 -30.115830115830114                  
387.544 -37.83783783783784                   
381.368 -50.19305019305019                   
375.192 -56.37065637065637                   
359.752 -69.4980694980695                    
339.68 -75.67567567567568                   
324.24 -81.08108108108108                   
302.624 -84.16988416988417                   
284.096 -84.16988416988417                   
268.656 -81.08108108108108                   
257.848 -74.13127413127413                   
245.496 -66.40926640926641                   
226.968 -53.28185328185328                   
219.248 -46.33204633204633                   
208.44 -34.74903474903475                   
197.632 -27.7992277992278                    
191.456 -16.98841698841699                   
185.28 -3.861003861003861                   
182.192 9.266409266409266                    
179.104 17.76061776061776                    