929.8500749625188 74.05857740585775                 
923.3133433283358 51.46443514644351                 
918.4107946026986 28.87029288702929                 
915.1424287856072 17.573221757322177                
902.0689655172414 -8.786610878661088                
893.8980509745128 -18.828451882845187               
877.5562218890555 -32.63598326359833                
857.9460269865067 -51.46443514644351                
836.7016491754123 -62.76150627615063                
828.5307346326837 -71.54811715481172                
818.7256371814093 -79.07949790794979                
807.2863568215892 -90.3765690376569                 
797.4812593703149 -90.3765690376569                 
777.8710644677661 -85.35564853556485                
764.7976011994003 -85.35564853556485                
753.3583208395802 -85.35564853556485                
741.9190404797602 -92.88702928870293                
732.1139430284858 -92.88702928870293                
719.04047976012 -94.14225941422595                
704.3328335832084 -99.16317991631799                
687.9910044977511 -107.94979079497908               
663.4782608695652 -124.26778242677824               
647.1364317841079 -131.79916317991632               
616.0869565217391 -143.09623430962344               
591.5742128935532 -141.84100418410043               
576.8665667166417 -145.60669456066947               
565.4272863568216 -148.1171548117155                
549.0854572713644 -148.1171548117155                
524.5727136431784 -146.86192468619248               
490.25487256371815 -145.60669456066947               
475.5472263868066 -141.84100418410043               
441.2293853073463 -131.79916317991632               
418.35082458770614 -124.26778242677824               
387.30134932533736 -116.73640167364017               
352.9835082458771 -110.4602510460251                
328.47076461769115 -106.69456066945607               
312.12893553223387 -106.69456066945607               
290.88455772113946 -106.69456066945607               
256.56671664167914 -101.67364016736401               
230.41979010494754 -86.61087866108787                
207.54122938530733 -66.52719665271967                
194.46776611694153 -43.93305439330544                
181.3943028485757 -22.594142259414227               
169.95502248875562 7.531380753138075                 
163.41829085457272 20.0836820083682                  
151.97901049475263 50.2092050209205                  