26.3772727300000     23.5294117600000
41.8796650700000     14.1176470600000
55.6595693800000     -4.70588235300000
70.3007177000000     -23.5294117600000
88.3868421100000     -65.8823529400000
103.889234400000     -82.3529411800000
116.807894700000     -105.882352900000
131.449043100000     -127.058823500000
146.951435400000     -138.823529400000
159.008851700000     -148.235294100000
174.511244000000     -157.647058800000
189.152392300000     -162.352941200000
204.654784700000     -155.294117600000
225.324641100000     -138.823529400000
238.243301400000     -124.705882400000
252.023205700000     -105.882352900000
263.219378000000     -84.7058823500000
273.554306200000     -56.4705882400000
280.444258400000     -40
287.334210500000     -30.5882352900000
295.946650700000     -25.8823529400000
308.865311000000     -28.2352941200000
314.032775100000     2.35294117600000
324.367703300000     54.1176470600000