402.984 22.393822393822393                 
390.632 6.94980694980695                   
382.912 -6.177606177606178                 
375.192 -17.76061776061776                 
365.928 -29.343629343629345                
359.752 -34.74903474903475                 
352.032 -44.01544401544402                 
344.312 -49.42084942084942                 
335.048 -52.50965250965251                 
325.784 -54.826254826254825                
316.52 -53.28185328185328                 
310.344 -48.648648648648646                
304.168 -47.87644787644788                 
294.904 -50.19305019305019                 
288.728 -52.50965250965251                 
279.464 -59.45945945945946                 
273.288 -59.45945945945946                 
264.024 -55.5984555984556                  
251.672 -50.19305019305019                 
237.776 -39.38223938223938                 
226.968 -29.343629343629345                
213.072 -18.53281853281853                 
205.352 -10.81081081081081                 
197.632 -1.5444015444015444                
188.368 11.583011583011583                 
182.192 20.84942084942085                  
176.016 28.571428571428573                 